exports[`query reducer should set clauses 1`] = `undefined`;

exports[`query reducer should set clauses 2`] = `undefined`;

exports[`query reducer should set clauses 3`] = `undefined`;

exports[`query reducer should set clauses 4`] = `undefined`;

exports[`query reducer should set clauses 5`] = `undefined`;

exports[`query reducer should set clauses 6`] = `undefined`;

exports[`query reducer should set clauses 7`] = `undefined`;

exports[`query reducer should set clauses 8`] = `undefined`;

exports[`query reducer should set clauses 9`] = `undefined`;
